[INFO] Scanning for projects...
[INFO] 
[INFO] -------------------< com.yowyob:reactive-hexagonal >--------------------
[INFO] Building reactive-hexagonal 0.0.1-SNAPSHOT
[INFO] --------------------------------[ jar ]---------------------------------
[INFO] 
[INFO] --- maven-resources-plugin:3.3.1:resources (default-resources) @ reactive-hexagonal ---
[INFO] Copying 4 resources from src\main\resources to target\classes
[INFO] Copying 31 resources from src\main\resources to target\classes
[INFO] 
[INFO] --- maven-compiler-plugin:3.11.0:compile (default-compile) @ reactive-hexagonal ---
[INFO] Changes detected - recompiling the module! :source
[INFO] Compiling 388 source files with javac [debug release 21] to target\classes
[WARNING] Implicitly compiled files were not subject to annotation processing.
  Use -implicit to specify a policy for implicit compilation.
[INFO] /D:/CODEsemestre2/RÚseaux/NewBackendFleet/FleetMan-DES-Backend/src/main/java/com/yowyob/fleet/infrastructure/adapters/outbound/external/VehicleApiAdapter.java: Some input files use unchecked or unsafe operations.
[INFO] /D:/CODEsemestre2/RÚseaux/NewBackendFleet/FleetMan-DES-Backend/src/main/java/com/yowyob/fleet/infrastructure/adapters/outbound/external/VehicleApiAdapter.java: Recompile with -Xlint:unchecked for details.
[INFO] ------------------------------------------------------------------------
[INFO] BUILD SUCCESS
[INFO] ------------------------------------------------------------------------
[INFO] Total time:  21.451 s
[INFO] Finished at: 2026-07-12T00:19:02+01:00
[INFO] ------------------------------------------------------------------------
